
> react-typescript-starter@0.1.0 test
> react-scripts test --coverage

Browserslist: caniuse-lite is outdated. Please run:
  npx browserslist@latest --update-db
  Why you should do it regularly: https://github.com/browserslist/browserslist#browsers-data-updating
  console.error
    Warning: validateDOMNesting(...): <tr> cannot appear as a child of <table>. Add a <tbody>, <thead> or <tfoot> to your code to match the DOM tree generated by the browser.
        at tr
        at table
        at div
        at App

      at printWarning (node_modules/react-dom/cjs/react-dom.development.js:67:30)
      at error (node_modules/react-dom/cjs/react-dom.development.js:43:5)
      at validateDOMNesting (node_modules/react-dom/cjs/react-dom.development.js:10081:7)
      at createInstance (node_modules/react-dom/cjs/react-dom.development.js:10181:5)
      at completeWork (node_modules/react-dom/cjs/react-dom.development.js:19464:28)
      at completeUnitOfWork (node_modules/react-dom/cjs/react-dom.development.js:22812:16)
      at performUnitOfWork (node_modules/react-dom/cjs/react-dom.development.js:22787:5)

FAIL src/App.test.tsx
  ✕ renders the course name somewhere (77 ms)

  ● renders the course name somewhere

    TestingLibraryElementError: Unable to find an element with the text: /CISC275/i. This could be because the text is broken up by multiple elements. In this case, you can provide a function for your text matcher to make your matcher more flexible.

    Ignored nodes: comments, <script />, <style />
    [36m<body>[39m
      [36m<div>[39m
        [36m<div[39m
          [33mclass[39m=[32m"App"[39m
        [36m>[39m
          [36m<header[39m
            [33mclass[39m=[32m"App-header"[39m
          [36m>[39m
            [0mUD Course Planner[0m
          [36m</header>[39m
          [36m<p>[39m
            [0mJames Lloyd, Kerry Ferguson, Matthew Conlon, Caleb Sachetti, Arnav Baliyan[0m
          [36m</p>[39m
          [36m<p>[39m
            [0m List of Degree Plans: [0m
          [36m</p>[39m
          [36m<table>[39m
            [36m<tr>[39m
              [36m<th>[39m
                [0mCode[0m
              [36m</th>[39m
              [36m<th>[39m
                [0mName[0m
              [36m</th>[39m
              [36m<th>[39m
                [0mCredits[0m
              [36m</th>[39m
            [36m</tr>[39m
          [36m</table>[39m
        [36m</div>[39m
      [36m</div>[39m
    [36m</body>[39m

       5 | test("renders the course name somewhere", () => {
       6 |     render(<App />);
    >  7 |     const linkElement = screen.getByText(/CISC275/i);
         |                                ^
       8 |     expect(linkElement).toBeInTheDocument();
       9 | });
      10 |

      at Object.getElementError (node_modules/@testing-library/dom/dist/config.js:38:19)
      at node_modules/@testing-library/dom/dist/query-helpers.js:90:38
      at node_modules/@testing-library/dom/dist/query-helpers.js:62:17
      at getByText (node_modules/@testing-library/dom/dist/query-helpers.js:111:19)
      at Object.<anonymous> (src/App.test.tsx:7:32)
      at TestScheduler.scheduleTests (node_modules/@jest/core/build/TestScheduler.js:333:13)
      at runJest (node_modules/@jest/core/build/runJest.js:404:19)
      at _run10000 (node_modules/@jest/core/build/cli/index.js:320:7)
      at runCLI (node_modules/@jest/core/build/cli/index.js:173:3)

-----------------------|---------|----------|---------|---------|-------------------
File                   | % Stmts | % Branch | % Funcs | % Lines | Uncovered Line #s 
-----------------------|---------|----------|---------|---------|-------------------
All files              |    2.85 |        0 |    6.66 |    2.85 |                   
 src                   |    2.85 |        0 |    6.66 |    2.85 |                   
  App.tsx              |     100 |      100 |     100 |     100 |                   
  Course.tsx           |       0 |        0 |       0 |       0 | 11-170            
  classData.tsx        |       0 |      100 |     100 |       0 | 2                 
 src/PlannerInterfaces |       0 |        0 |       0 |       0 |                   
  course.ts            |       0 |        0 |       0 |       0 |                   
  plan.ts              |       0 |        0 |       0 |       0 |                   
  semester.ts          |       0 |        0 |       0 |       0 |                   
-----------------------|---------|----------|---------|---------|-------------------
Test Suites: 1 failed, 1 total
Tests:       1 failed, 1 total
Snapshots:   0 total
Time:        2.1 s
Ran all test suites.
